Renesas Optimizing Linker (W3.02.00 )             21-Oct-2020 11:00:01

*** Options ***

-MAKEUD=DefaultBuild\GVH373.lk.ud
-subcommand=DefaultBuild\GVH373.clnk
-Input=DefaultBuild\cstart.obj
-Input=DefaultBuild\hdwinit.obj
-Input=DefaultBuild\main.obj
-Input=DefaultBuild\stkinit.obj
-Input=DefaultBuild\data_processing_all_features.obj
-SECURITY_ID=00000000000000000000
-DEVICE=C:\Program Files (x86)\Renesas Electronics\CS+\CC\Device\RL78\Devicefile\DR5F104GC.DVF
-DEBug
-NOCOmpress
-NOOPtimize
-OUtput=DefaultBuild\GVH373.abs
-LIBrary=C:\Program Files (x86)\Renesas Electronics\CS+\CC\CC-RL\V1.09.00\lib\rl78em4s99.lib
-LIBrary=C:\Program Files (x86)\Renesas Electronics\CS+\CC\CC-RL\V1.09.00\lib\malloc_n.lib
-LIBrary=C:\Program Files (x86)\Renesas Electronics\CS+\CC\CC-RL\V1.09.00\lib\rl78em4r.lib
-LISt=DefaultBuild\GVH373.map
-AUTO_SECTION_LAYOUT
-ROm=.data=.dataR
-ROm=.sdata=.sdataR
-NOMessage
-MEMory=High
-NOLOgo
-end

*** Error information ***

W0561520:"user option byte" in ".option_byte" created by device file
W0561520:"on chip debug" in ".option_byte" created by device file

*** Mapping List ***

SECTION                            START      END         SIZE   ALIGN
.vect
                                  00000000  0000007f        80   0
.constf
                                  00000080  00000080         0   2
.sdata
                                  00000080  00000080         0   2
.data
                                  00000082  0000008f         e   2
.option_byte
                                  000000c0  000000c3         4   1
.security_id
                                  000000c4  000000cd         a   1
.text
                                  000000ce  00000127        5a   1
.textf
                                  00000128  000008c8       7a1   1
.RLIB
                                  000008c9  00000d61       499   1
.SLIB
                                  00000d62  00000f1a       1b9   1
.const
                                  00002000  00002208       209   2
.bss
                                  000fef00  000fefff       100   2
.dataR
                                  000ff000  000ff00d         e   2
.sbss
                                  000ffe20  000ffe20         0   2
.sdataR
                                  000ffe20  000ffe20         0   2
